// Jest Snapshot v1, https://goo.gl/fbAQLP

exports[`App.test.js has expected html structure 1`] = `
<div
  id="app"
>
  <router-view />
</div>
`;
